> Task :app:preBuild UP-TO-DATE
> Task :app:preDebugBuild UP-TO-DATE
> Task :app:mergeDebugNativeDebugMetadata NO-SOURCE
> Task :app:generateDebugResources UP-TO-DATE
> Task :app:packageDebugResources UP-TO-DATE
> Task :app:processDebugNavigationResources UP-TO-DATE
> Task :app:parseDebugLocalResources UP-TO-DATE
> Task :app:generateDebugRFile UP-TO-DATE
> Task :app:javaPreCompileDebug UP-TO-DATE
> Task :app:generateDebugAssets UP-TO-DATE
> Task :app:mergeDebugAssets UP-TO-DATE
> Task :app:compressDebugAssets UP-TO-DATE
> Task :app:checkDebugDuplicateClasses UP-TO-DATE
> Task :app:desugarDebugFileDependencies UP-TO-DATE
> Task :app:mergeExtDexDebug UP-TO-DATE
> Task :app:mergeLibDexDebug UP-TO-DATE
> Task :app:checkDebugAarMetadata UP-TO-DATE
> Task :app:compileDebugNavigationResources UP-TO-DATE
> Task :app:mapDebugSourceSetPaths UP-TO-DATE
> Task :app:mergeDebugResources UP-TO-DATE
> Task :app:createDebugCompatibleScreenManifests UP-TO-DATE
> Task :app:extractDeepLinksDebug UP-TO-DATE
> Task :app:processDebugMainManifest UP-TO-DATE
> Task :app:processDebugManifest UP-TO-DATE
> Task :app:processDebugManifestForPackage UP-TO-DATE
> Task :app:processDebugResources UP-TO-DATE
> Task :app:mergeDebugJniLibFolders UP-TO-DATE
> Task :app:mergeDebugNativeLibs UP-TO-DATE
> Task :app:stripDebugDebugSymbols UP-TO-DATE
> Task :app:validateSigningDebug UP-TO-DATE
> Task :app:writeDebugAppMetadata UP-TO-DATE
> Task :app:writeDebugSigningConfigVersions UP-TO-DATE

> Task :app:compileDebugKotlin FAILED
./gradlew : e: file:///C:/Use
rs/krish/AndroidStudioProject
s/TMApp/app/src/main/java/com
/simats/tmapp/PatientDashboar
dActivity.kt:226:38 
Unresolved reference 
'ic_notification'.
At line:1 char:1
+ ./gradlew assembleDebug > 
build_output.txt 2>&1
+ ~~~~~~~~~~~~~~~~~~~~~~~~~~~
~~~~~~~~~~~~~~~~~~~~
    + CategoryInfo           
   : NotSpecified: (e: file  
  :///C:/U..._notification   
 '.:String) [], RemoteExc    
eption
    + FullyQualifiedErrorId  
   : NativeCommandError
 
e: file:///C:/Users/krish/And
roidStudioProjects/TMApp/app/
src/main/java/com/simats/tmap
p/PatientDashboardActivity.kt
:227:14 Unresolved reference 
'setContentTitle'.
e: file:///C:/Users/krish/And
roidStudioProjects/TMApp/app/
src/main/java/com/simats/tmap
p/PatientDashboardActivity.kt
:243:60 Unresolved reference 
'tvMessage'.
e: file:///C:/Users/krish/And
roidStudioProjects/TMApp/app/
src/main/java/com/simats/tmap
p/PatientDashboardActivity.kt
:243:109 Unresolved 
reference 'tvDialogMessage'.
e: file:///C:/Users/krish/And
roidStudioProjects/TMApp/app/
src/main/java/com/simats/tmap
p/PatientDashboardActivity.kt
:264:25 Unresolved reference 
'Toast'.
e: file:///C:/Users/krish/And
roidStudioProjects/TMApp/app/
src/main/java/com/simats/tmap
p/PatientDashboardActivity.kt
:264:90 Unresolved reference 
'Toast'.
e: file:///C:/Users/krish/And
roidStudioProjects/TMApp/app/
src/main/java/com/simats/tmap
p/PatientDashboardActivity.kt
:275:14 Conflicting 
overloads:
fun onDestroy(): Unit
e: file:///C:/Users/krish/And
roidStudioProjects/TMApp/app/
src/main/java/com/simats/tmap
p/PatientDashboardActivity.kt
:431:14 Conflicting 
overloads:
fun onDestroy(): Unit
e: file:///C:/Users/krish/And
roidStudioProjects/TMApp/app/
src/main/java/com/simats/tmap
p/PatientPrescriptionActivity
.kt:73:102 No value passed 
for parameter 'userId'.
e: file:///C:/Users/krish/And
roidStudioProjects/TMApp/app/
src/main/java/com/simats/tmap
p/PatientPrescriptionActivity
.kt:73:102 No value passed 
for parameter 'role'.
e: file:///C:/Users/krish/And
roidStudioProjects/TMApp/app/
src/main/java/com/simats/tmap
p/PrescriptionActivity.kt:121
:51 No value passed for 
parameter 'userId'.
e: file:///C:/Users/krish/And
roidStudioProjects/TMApp/app/
src/main/java/com/simats/tmap
p/PrescriptionActivity.kt:121
:51 No value passed for 
parameter 'role'.

FAILURE: Build failed with 
an exception.

* What went wrong:
Execution failed for task 
':app:compileDebugKotlin'.
> A failure occurred while 
executing org.jetbrains.kotli
n.compilerRunner.GradleCompil
erRunnerWithWorkers$GradleKot
linCompilerWorkAction
   > Compilation error. See 
log for more details

* Try:
> Run with --stacktrace 
option to get the stack 
trace.
> Run with --info or --debug 
option to get more log 
output.
> Run with --scan to 
generate a Build Scan 
(Powered by Develocity).
> Get more help at 
https://help.gradle.org.

BUILD FAILED in 5s
29 actionable tasks: 1 executed, 28 up-to-date
